==38967== Memcheck, a memory error detector
==38967== Copyright (C) 2002-2017, and GNU GPL'd, by Julian Seward et al.
==38967== Using Valgrind-3.15.0-608cb11914-20190413 and LibVEX; rerun with -h for copyright info
==38967== Command: ./mobilenetv2_c run
==38967== Parent PID: 8225
==38967== 
--38967-- 
--38967-- Valgrind options:
--38967--    --leak-check=full
--38967--    --log-file=logfile.out
--38967--    -v
--38967-- Contents of /proc/version:
--38967--   Linux version 5.11.0-37-generic (buildd@lcy01-amd64-021) (gcc (Ubuntu 9.3.0-17ubuntu1~20.04) 9.3.0, GNU ld (GNU Binutils for Ubuntu) 2.34) #41~20.04.2-Ubuntu SMP Fri Sep 24 09:06:38 UTC 2021
--38967-- 
--38967-- Arch and hwcaps: AMD64, LittleEndian, amd64-cx16-lzcnt-rdtscp-sse3-ssse3-avx-avx2-bmi-f16c-rdrand
--38967-- Page sizes: currently 4096, max supported 4096
--38967-- Valgrind library directory: /usr/lib/x86_64-linux-gnu/valgrind
--38967-- Reading syms from /home/ricardo/mobilenetv2_c/Debug/mobilenetv2_c
--38967-- Reading syms from /usr/lib/x86_64-linux-gnu/ld-2.31.so
--38967--   Considering /usr/lib/x86_64-linux-gnu/ld-2.31.so ..
--38967--   .. CRC mismatch (computed 975d0390 wanted 30bd717f)
--38967--   Considering /lib/x86_64-linux-gnu/ld-2.31.so ..
--38967--   .. CRC mismatch (computed 975d0390 wanted 30bd717f)
--38967--   Considering /usr/lib/debug/lib/x86_64-linux-gnu/ld-2.31.so ..
--38967--   .. CRC is valid
--38967-- Reading syms from /usr/lib/x86_64-linux-gnu/valgrind/memcheck-amd64-linux
--38967--    object doesn't have a symbol table
--38967--    object doesn't have a dynamic symbol table
--38967-- Scheduler: using generic scheduler lock implementation.
--38967-- Reading suppressions file: /usr/lib/x86_64-linux-gnu/valgrind/default.supp
==38967== embedded gdbserver: reading from /tmp/vgdb-pipe-from-vgdb-to-38967-by-ricardo-on-???
==38967== embedded gdbserver: writing to   /tmp/vgdb-pipe-to-vgdb-from-38967-by-ricardo-on-???
==38967== embedded gdbserver: shared mem   /tmp/vgdb-pipe-shared-mem-vgdb-38967-by-ricardo-on-???
==38967== 
==38967== TO CONTROL THIS PROCESS USING vgdb (which you probably
==38967== don't want to do, unless you know exactly what you're doing,
==38967== or are doing some strange experiment):
==38967==   /usr/lib/x86_64-linux-gnu/valgrind/../../bin/vgdb --pid=38967 ...command...
==38967== 
==38967== TO DEBUG THIS PROCESS USING GDB: start GDB like this
==38967==   /path/to/gdb ./mobilenetv2_c
==38967== and then give GDB the following command
==38967==   target remote | /usr/lib/x86_64-linux-gnu/valgrind/../../bin/vgdb --pid=38967
==38967== --pid is optional if only one valgrind process is running
==38967== 
--38967-- REDIR: 0x4022e10 (ld-linux-x86-64.so.2:strlen) redirected to 0x580c9ce2 (???)
--38967-- REDIR: 0x4022be0 (ld-linux-x86-64.so.2:index) redirected to 0x580c9cfc (???)
--38967-- Reading syms from /usr/lib/x86_64-linux-gnu/valgrind/vgpreload_core-amd64-linux.so
--38967--    object doesn't have a symbol table
--38967-- Reading syms from /usr/lib/x86_64-linux-gnu/valgrind/vgpreload_memcheck-amd64-linux.so
--38967--    object doesn't have a symbol table
==38967== WARNING: new redirection conflicts with existing -- ignoring it
--38967--     old: 0x04022e10 (strlen              ) R-> (0000.0) 0x580c9ce2 ???
--38967--     new: 0x04022e10 (strlen              ) R-> (2007.0) 0x0483f060 strlen
--38967-- REDIR: 0x401f5f0 (ld-linux-x86-64.so.2:strcmp) redirected to 0x483ffd0 (strcmp)
--38967-- REDIR: 0x4023370 (ld-linux-x86-64.so.2:mempcpy) redirected to 0x4843a20 (mempcpy)
--38967-- Reading syms from /usr/lib/x86_64-linux-gnu/libm-2.31.so
--38967--   Considering /usr/lib/x86_64-linux-gnu/libm-2.31.so ..
--38967--   .. CRC mismatch (computed fcb42c76 wanted f6c95789)
--38967--   Considering /lib/x86_64-linux-gnu/libm-2.31.so ..
--38967--   .. CRC mismatch (computed fcb42c76 wanted f6c95789)
--38967--   Considering /usr/lib/debug/lib/x86_64-linux-gnu/libm-2.31.so ..
--38967--   .. CRC is valid
--38967-- Reading syms from /usr/lib/x86_64-linux-gnu/libc-2.31.so
--38967--   Considering /usr/lib/x86_64-linux-gnu/libc-2.31.so ..
--38967--   .. CRC mismatch (computed 86b78530 wanted e380f01c)
--38967--   Considering /lib/x86_64-linux-gnu/libc-2.31.so ..
--38967--   .. CRC mismatch (computed 86b78530 wanted e380f01c)
--38967--   Considering /usr/lib/debug/lib/x86_64-linux-gnu/libc-2.31.so ..
--38967--   .. CRC is valid
--38967-- REDIR: 0x4a5d600 (libc.so.6:memmove) redirected to 0x48311d0 (_vgnU_ifunc_wrapper)
--38967-- REDIR: 0x4a5c900 (libc.so.6:strncpy) redirected to 0x48311d0 (_vgnU_ifunc_wrapper)
--38967-- REDIR: 0x4a5d930 (libc.so.6:strcasecmp) redirected to 0x48311d0 (_vgnU_ifunc_wrapper)
--38967-- REDIR: 0x4a5c220 (libc.so.6:strcat) redirected to 0x48311d0 (_vgnU_ifunc_wrapper)
--38967-- REDIR: 0x4a5c960 (libc.so.6:rindex) redirected to 0x48311d0 (_vgnU_ifunc_wrapper)
--38967-- REDIR: 0x4a5edd0 (libc.so.6:rawmemchr) redirected to 0x48311d0 (_vgnU_ifunc_wrapper)
--38967-- REDIR: 0x4a79e60 (libc.so.6:wmemchr) redirected to 0x48311d0 (_vgnU_ifunc_wrapper)
--38967-- REDIR: 0x4a799a0 (libc.so.6:wcscmp) redirected to 0x48311d0 (_vgnU_ifunc_wrapper)
--38967-- REDIR: 0x4a5d760 (libc.so.6:mempcpy) redirected to 0x48311d0 (_vgnU_ifunc_wrapper)
--38967-- REDIR: 0x4a5d590 (libc.so.6:bcmp) redirected to 0x48311d0 (_vgnU_ifunc_wrapper)
--38967-- REDIR: 0x4a5c890 (libc.so.6:strncmp) redirected to 0x48311d0 (_vgnU_ifunc_wrapper)
--38967-- REDIR: 0x4a5c2d0 (libc.so.6:strcmp) redirected to 0x48311d0 (_vgnU_ifunc_wrapper)
--38967-- REDIR: 0x4a5d6c0 (libc.so.6:memset) redirected to 0x48311d0 (_vgnU_ifunc_wrapper)
--38967-- REDIR: 0x4a79960 (libc.so.6:wcschr) redirected to 0x48311d0 (_vgnU_ifunc_wrapper)
--38967-- REDIR: 0x4a5c7f0 (libc.so.6:strnlen) redirected to 0x48311d0 (_vgnU_ifunc_wrapper)
--38967-- REDIR: 0x4a5c3b0 (libc.so.6:strcspn) redirected to 0x48311d0 (_vgnU_ifunc_wrapper)
--38967-- REDIR: 0x4a5d980 (libc.so.6:strncasecmp) redirected to 0x48311d0 (_vgnU_ifunc_wrapper)
--38967-- REDIR: 0x4a5c350 (libc.so.6:strcpy) redirected to 0x48311d0 (_vgnU_ifunc_wrapper)
--38967-- REDIR: 0x4a5dad0 (libc.so.6:memcpy@@GLIBC_2.14) redirected to 0x48311d0 (_vgnU_ifunc_wrapper)
--38967-- REDIR: 0x4a7b0d0 (libc.so.6:wcsnlen) redirected to 0x48311d0 (_vgnU_ifunc_wrapper)
--38967-- REDIR: 0x4a799e0 (libc.so.6:wcscpy) redirected to 0x48311d0 (_vgnU_ifunc_wrapper)
--38967-- REDIR: 0x4a5c9a0 (libc.so.6:strpbrk) redirected to 0x48311d0 (_vgnU_ifunc_wrapper)
--38967-- REDIR: 0x4a5c280 (libc.so.6:index) redirected to 0x48311d0 (_vgnU_ifunc_wrapper)
--38967-- REDIR: 0x4a5c7b0 (libc.so.6:strlen) redirected to 0x48311d0 (_vgnU_ifunc_wrapper)
--38967-- REDIR: 0x4a65d20 (libc.so.6:memrchr) redirected to 0x48311d0 (_vgnU_ifunc_wrapper)
--38967-- REDIR: 0x4a5d9d0 (libc.so.6:strcasecmp_l) redirected to 0x48311d0 (_vgnU_ifunc_wrapper)
--38967-- REDIR: 0x4a5d550 (libc.so.6:memchr) redirected to 0x48311d0 (_vgnU_ifunc_wrapper)
--38967-- REDIR: 0x4a79ab0 (libc.so.6:wcslen) redirected to 0x48311d0 (_vgnU_ifunc_wrapper)
--38967-- REDIR: 0x4a5cc60 (libc.so.6:strspn) redirected to 0x48311d0 (_vgnU_ifunc_wrapper)
--38967-- REDIR: 0x4a5d8d0 (libc.so.6:stpncpy) redirected to 0x48311d0 (_vgnU_ifunc_wrapper)
--38967-- REDIR: 0x4a5d870 (libc.so.6:stpcpy) redirected to 0x48311d0 (_vgnU_ifunc_wrapper)
--38967-- REDIR: 0x4a5ee10 (libc.so.6:strchrnul) redirected to 0x48311d0 (_vgnU_ifunc_wrapper)
--38967-- REDIR: 0x4a5da20 (libc.so.6:strncasecmp_l) redirected to 0x48311d0 (_vgnU_ifunc_wrapper)
--38967-- REDIR: 0x4b45490 (libc.so.6:__strrchr_avx2) redirected to 0x483ea10 (rindex)
--38967-- REDIR: 0x4b40b60 (libc.so.6:__strcmp_avx2) redirected to 0x483fed0 (strcmp)
--38967-- REDIR: 0x4a58c90 (libc.so.6:calloc) redirected to 0x483dce0 (calloc)
--38967-- REDIR: 0x4a57260 (libc.so.6:malloc) redirected to 0x483b780 (malloc)
--38967-- REDIR: 0x4a5d120 (libc.so.6:__GI_strstr) redirected to 0x4843ca0 (__strstr_sse2)
--38967-- REDIR: 0x4b45660 (libc.so.6:__strlen_avx2) redirected to 0x483ef40 (strlen)
==38967== Conditional jump or move depends on uninitialised value(s)
==38967==    at 0x4A0737E: ____strtof_l_internal (strtod_l.c:865)
==38967==    by 0x109BD4: import_image (data_manip.c:43)
==38967==    by 0x10AD13: main (main.c:23)
==38967== 
==38967== Use of uninitialised value of size 8
==38967==    at 0x4A0738D: ____strtof_l_internal (strtod_l.c:881)
==38967==    by 0x109BD4: import_image (data_manip.c:43)
==38967==    by 0x10AD13: main (main.c:23)
==38967== 
--38967-- REDIR: 0x4b48670 (libc.so.6:__memcpy_avx_unaligned_erms) redirected to 0x48429f0 (memmove)
--38967-- REDIR: 0x4a57850 (libc.so.6:free) redirected to 0x483c9d0 (free)
--38967-- REDIR: 0x4b452a0 (libc.so.6:__strchrnul_avx2) redirected to 0x4843540 (strchrnul)
==38967== Conditional jump or move depends on uninitialised value(s)
==38967==    at 0x4A0737E: ____strtof_l_internal (strtod_l.c:865)
==38967==    by 0x109F41: import_weights (data_manip.c:84)
==38967==    by 0x10A710: conv2d (layers.c:20)
==38967==    by 0x109386: inference (actions.c:12)
==38967==    by 0x10AD1F: main (main.c:25)
==38967== 
==38967== Use of uninitialised value of size 8
==38967==    at 0x4A0738D: ____strtof_l_internal (strtod_l.c:881)
==38967==    by 0x109F41: import_weights (data_manip.c:84)
==38967==    by 0x10A710: conv2d (layers.c:20)
==38967==    by 0x109386: inference (actions.c:12)
==38967==    by 0x10AD1F: main (main.c:25)
==38967== 
==38967== Conditional jump or move depends on uninitialised value(s)
==38967==    at 0x4A0737E: ____strtof_l_internal (strtod_l.c:865)
==38967==    by 0x10A187: import_bn (data_manip.c:124)
==38967==    by 0x10A819: batch_normalization (layers.c:44)
==38967==    by 0x1093B1: inference (actions.c:20)
==38967==    by 0x10AD1F: main (main.c:25)
==38967== 
==38967== Use of uninitialised value of size 8
==38967==    at 0x4A0738D: ____strtof_l_internal (strtod_l.c:881)
==38967==    by 0x10A187: import_bn (data_manip.c:124)
==38967==    by 0x10A819: batch_normalization (layers.c:44)
==38967==    by 0x1093B1: inference (actions.c:20)
==38967==    by 0x10AD1F: main (main.c:25)
==38967== 
--38967-- REDIR: 0x4b48650 (libc.so.6:__mempcpy_avx_unaligned_erms) redirected to 0x4843660 (mempcpy)
==38967== Conditional jump or move depends on uninitialised value(s)
==38967==    at 0x4A0737E: ____strtof_l_internal (strtod_l.c:865)
==38967==    by 0x10A3AB: import_dweights (data_manip.c:163)
==38967==    by 0x10AA2F: S1depthwise (layers.c:68)
==38967==    by 0x10941F: inference (actions.c:34)
==38967==    by 0x10AD1F: main (main.c:25)
==38967== 
==38967== Use of uninitialised value of size 8
==38967==    at 0x4A0738D: ____strtof_l_internal (strtod_l.c:881)
==38967==    by 0x10A3AB: import_dweights (data_manip.c:163)
==38967==    by 0x10AA2F: S1depthwise (layers.c:68)
==38967==    by 0x10941F: inference (actions.c:34)
==38967==    by 0x10AD1F: main (main.c:25)
==38967== 
==38967== Conditional jump or move depends on uninitialised value(s)
==38967==    at 0x4A0737E: ____strtof_l_internal (strtod_l.c:865)
==38967==    by 0x10A187: import_bn (data_manip.c:124)
==38967==    by 0x10A819: batch_normalization (layers.c:44)
==38967==    by 0x10944A: inference (actions.c:41)
==38967==    by 0x10AD1F: main (main.c:25)
==38967== 
==38967== Use of uninitialised value of size 8
==38967==    at 0x4A0738D: ____strtof_l_internal (strtod_l.c:881)
==38967==    by 0x10A187: import_bn (data_manip.c:124)
==38967==    by 0x10A819: batch_normalization (layers.c:44)
==38967==    by 0x10944A: inference (actions.c:41)
==38967==    by 0x10AD1F: main (main.c:25)
==38967== 
==38967== Conditional jump or move depends on uninitialised value(s)
==38967==    at 0x4A0737E: ____strtof_l_internal (strtod_l.c:865)
==38967==    by 0x109F41: import_weights (data_manip.c:84)
==38967==    by 0x10A710: conv2d (layers.c:20)
==38967==    by 0x1094A2: inference (actions.c:51)
==38967==    by 0x10AD1F: main (main.c:25)
==38967== 
==38967== Use of uninitialised value of size 8
==38967==    at 0x4A0738D: ____strtof_l_internal (strtod_l.c:881)
==38967==    by 0x109F41: import_weights (data_manip.c:84)
==38967==    by 0x10A710: conv2d (layers.c:20)
==38967==    by 0x1094A2: inference (actions.c:51)
==38967==    by 0x10AD1F: main (main.c:25)
==38967== 
==38967== Conditional jump or move depends on uninitialised value(s)
==38967==    at 0x4A0737E: ____strtof_l_internal (strtod_l.c:865)
==38967==    by 0x10A187: import_bn (data_manip.c:124)
==38967==    by 0x10A819: batch_normalization (layers.c:44)
==38967==    by 0x1094CD: inference (actions.c:59)
==38967==    by 0x10AD1F: main (main.c:25)
==38967== 
==38967== Use of uninitialised value of size 8
==38967==    at 0x4A0738D: ____strtof_l_internal (strtod_l.c:881)
==38967==    by 0x10A187: import_bn (data_manip.c:124)
==38967==    by 0x10A819: batch_normalization (layers.c:44)
==38967==    by 0x1094CD: inference (actions.c:59)
==38967==    by 0x10AD1F: main (main.c:25)
==38967== 
==38967== Conditional jump or move depends on uninitialised value(s)
==38967==    at 0x4A0737E: ____strtof_l_internal (strtod_l.c:865)
==38967==    by 0x109F41: import_weights (data_manip.c:84)
==38967==    by 0x10A710: conv2d (layers.c:20)
==38967==    by 0x109777: S2block (blocks.c:13)
==38967==    by 0x10952B: inference (actions.c:70)
==38967==    by 0x10AD1F: main (main.c:25)
==38967== 
==38967== Use of uninitialised value of size 8
==38967==    at 0x4A0738D: ____strtof_l_internal (strtod_l.c:881)
==38967==    by 0x109F41: import_weights (data_manip.c:84)
==38967==    by 0x10A710: conv2d (layers.c:20)
==38967==    by 0x109777: S2block (blocks.c:13)
==38967==    by 0x10952B: inference (actions.c:70)
==38967==    by 0x10AD1F: main (main.c:25)
==38967== 
==38967== Conditional jump or move depends on uninitialised value(s)
==38967==    at 0x4A0737E: ____strtof_l_internal (strtod_l.c:865)
==38967==    by 0x10A187: import_bn (data_manip.c:124)
==38967==    by 0x10A819: batch_normalization (layers.c:44)
==38967==    by 0x1097A5: S2block (blocks.c:21)
==38967==    by 0x10952B: inference (actions.c:70)
==38967==    by 0x10AD1F: main (main.c:25)
==38967== 
==38967== Use of uninitialised value of size 8
==38967==    at 0x4A0738D: ____strtof_l_internal (strtod_l.c:881)
==38967==    by 0x10A187: import_bn (data_manip.c:124)
==38967==    by 0x10A819: batch_normalization (layers.c:44)
==38967==    by 0x1097A5: S2block (blocks.c:21)
==38967==    by 0x10952B: inference (actions.c:70)
==38967==    by 0x10AD1F: main (main.c:25)
==38967== 
==38967== Conditional jump or move depends on uninitialised value(s)
==38967==    at 0x4A0737E: ____strtof_l_internal (strtod_l.c:865)
==38967==    by 0x10A3AB: import_dweights (data_manip.c:163)
==38967==    by 0x10AC5A: S2depthwise (layers.c:95)
==38967==    by 0x1099A0: S2block (blocks.c:39)
==38967==    by 0x10952B: inference (actions.c:70)
==38967==    by 0x10AD1F: main (main.c:25)
==38967== 
==38967== Use of uninitialised value of size 8
==38967==    at 0x4A0738D: ____strtof_l_internal (strtod_l.c:881)
==38967==    by 0x10A3AB: import_dweights (data_manip.c:163)
==38967==    by 0x10AC5A: S2depthwise (layers.c:95)
==38967==    by 0x1099A0: S2block (blocks.c:39)
==38967==    by 0x10952B: inference (actions.c:70)
==38967==    by 0x10AD1F: main (main.c:25)
==38967== 
==38967== Conditional jump or move depends on uninitialised value(s)
==38967==    at 0x4A0737E: ____strtof_l_internal (strtod_l.c:865)
==38967==    by 0x10A187: import_bn (data_manip.c:124)
==38967==    by 0x10A819: batch_normalization (layers.c:44)
==38967==    by 0x1099CF: S2block (blocks.c:46)
==38967==    by 0x10952B: inference (actions.c:70)
==38967==    by 0x10AD1F: main (main.c:25)
==38967== 
==38967== Use of uninitialised value of size 8
==38967==    at 0x4A0738D: ____strtof_l_internal (strtod_l.c:881)
==38967==    by 0x10A187: import_bn (data_manip.c:124)
==38967==    by 0x10A819: batch_normalization (layers.c:44)
==38967==    by 0x1099CF: S2block (blocks.c:46)
==38967==    by 0x10952B: inference (actions.c:70)
==38967==    by 0x10AD1F: main (main.c:25)
==38967== 
==38967== Invalid write of size 4
==38967==    at 0x10A1B5: import_bn (data_manip.c:125)
==38967==    by 0x10A819: batch_normalization (layers.c:44)
==38967==    by 0x1099CF: S2block (blocks.c:46)
==38967==    by 0x10952B: inference (actions.c:70)
==38967==    by 0x10AD1F: main (main.c:25)
==38967==  Address 0x4fabce0 is 0 bytes after a block of size 896 alloc'd
==38967==    at 0x483DD99: calloc (in /usr/lib/x86_64-linux-gnu/valgrind/vgpreload_memcheck-amd64-linux.so)
==38967==    by 0x10A802: batch_normalization (layers.c:41)
==38967==    by 0x1099CF: S2block (blocks.c:46)
==38967==    by 0x10952B: inference (actions.c:70)
==38967==    by 0x10AD1F: main (main.c:25)
==38967== 
==38967== Invalid write of size 1
==38967==    at 0x10A158: import_bn (data_manip.c:120)
==38967==    by 0xFFFFFFFFFFFFFFFE: ???
==38967==    by 0xFFFFFFFFFFFFFFFE: ???
==38967==    by 0xFFFFFFFFFFFFFFFE: ???
==38967==    by 0xFFFFFFFFFFFFFFFE: ???
==38967==    by 0xFFFFFFFFFFFFFFFE: ???
==38967==    by 0xFFFFFFFFFFFFFFFE: ???
==38967==    by 0xFFFFFFFFFFFFFFFE: ???
==38967==    by 0xFFFFFFFFFFFFFFFE: ???
==38967==    by 0xFFFFFFFFFFFFFFFE: ???
==38967==    by 0xFFFFFFFFFFFFFFFE: ???
==38967==    by 0xFFFFFFFFFFFFFFFE: ???
==38967==  Address 0x1fff001000 is not stack'd, malloc'd or (recently) free'd
==38967== 
==38967== 
==38967== Process terminating with default action of signal 11 (SIGSEGV)
==38967==  Access not within mapped region at address 0x1FFF001000
==38967==    at 0x10A158: import_bn (data_manip.c:120)
==38967==    by 0xFFFFFFFFFFFFFFFE: ???
==38967==    by 0xFFFFFFFFFFFFFFFE: ???
==38967==    by 0xFFFFFFFFFFFFFFFE: ???
==38967==    by 0xFFFFFFFFFFFFFFFE: ???
==38967==    by 0xFFFFFFFFFFFFFFFE: ???
==38967==    by 0xFFFFFFFFFFFFFFFE: ???
==38967==    by 0xFFFFFFFFFFFFFFFE: ???
==38967==    by 0xFFFFFFFFFFFFFFFE: ???
==38967==    by 0xFFFFFFFFFFFFFFFE: ???
==38967==    by 0xFFFFFFFFFFFFFFFE: ???
==38967==    by 0xFFFFFFFFFFFFFFFE: ???
==38967==  If you believe this happened as a result of a stack
==38967==  overflow in your program's main thread (unlikely but
==38967==  possible), you can try to increase the size of the
==38967==  main thread stack using the --main-stacksize= flag.
==38967==  The main thread stack size used in this run was 8388608.
==38967== 
==38967== HEAP SUMMARY:
==38967==     in use at exit: 1,510,744 bytes in 5 blocks
==38967==   total heap usage: 41 allocs, 36 frees, 15,917,256 bytes allocated
==38967== 
==38967== Searching for pointers to 5 not-freed blocks
==38967== Checked 84,872 bytes
==38967== 
==38967== 4,096 bytes in 1 blocks are possibly lost in loss record 3 of 5
==38967==    at 0x483B7F3: malloc (in /usr/lib/x86_64-linux-gnu/valgrind/vgpreload_memcheck-amd64-linux.so)
==38967==    by 0x4A3EE83: _IO_file_doallocate (filedoalloc.c:101)
==38967==    by 0x4A4F04F: _IO_doallocbuf (genops.c:347)
==38967==    by 0x4A4DE23: _IO_file_underflow@@GLIBC_2.2.5 (fileops.c:486)
==38967==    by 0x4A4F105: _IO_default_uflow (genops.c:362)
==38967==    by 0x10A106: import_bn (data_manip.c:108)
==38967==    by 0x10A819: batch_normalization (layers.c:44)
==38967==    by 0x1099CF: S2block (blocks.c:46)
==38967==    by 0x10952B: inference (actions.c:70)
==38967==    by 0x10AD1F: main (main.c:25)
==38967== 
==38967== 301,056 bytes in 1 blocks are definitely lost in loss record 4 of 5
==38967==    at 0x483DD99: calloc (in /usr/lib/x86_64-linux-gnu/valgrind/vgpreload_memcheck-amd64-linux.so)
==38967==    by 0x1094F4: inference (actions.c:69)
==38967==    by 0x10AD1F: main (main.c:25)
==38967== 
==38967== 1,204,224 bytes in 1 blocks are definitely lost in loss record 5 of 5
==38967==    at 0x483DD99: calloc (in /usr/lib/x86_64-linux-gnu/valgrind/vgpreload_memcheck-amd64-linux.so)
==38967==    by 0x10996A: S2block (blocks.c:38)
==38967==    by 0x10952B: inference (actions.c:70)
==38967==    by 0x10AD1F: main (main.c:25)
==38967== 
==38967== LEAK SUMMARY:
==38967==    definitely lost: 1,505,280 bytes in 2 blocks
==38967==    indirectly lost: 0 bytes in 0 blocks
==38967==      possibly lost: 4,096 bytes in 1 blocks
==38967==    still reachable: 1,368 bytes in 2 blocks
==38967==         suppressed: 0 bytes in 0 blocks
==38967== Reachable blocks (those to which a pointer was found) are not shown.
==38967== To see them, rerun with: --leak-check=full --show-leak-kinds=all
==38967== 
==38967== Use --track-origins=yes to see where uninitialised values come from
==38967== ERROR SUMMARY: 310362 errors from 27 contexts (suppressed: 0 from 0)
==38967== 
==38967== 1 errors in context 1 of 27:
==38967== Invalid write of size 1
==38967==    at 0x10A158: import_bn (data_manip.c:120)
==38967==    by 0xFFFFFFFFFFFFFFFE: ???
==38967==    by 0xFFFFFFFFFFFFFFFE: ???
==38967==    by 0xFFFFFFFFFFFFFFFE: ???
==38967==    by 0xFFFFFFFFFFFFFFFE: ???
==38967==    by 0xFFFFFFFFFFFFFFFE: ???
==38967==    by 0xFFFFFFFFFFFFFFFE: ???
==38967==    by 0xFFFFFFFFFFFFFFFE: ???
==38967==    by 0xFFFFFFFFFFFFFFFE: ???
==38967==    by 0xFFFFFFFFFFFFFFFE: ???
==38967==    by 0xFFFFFFFFFFFFFFFE: ???
==38967==    by 0xFFFFFFFFFFFFFFFE: ???
==38967==  Address 0x1fff001000 is not stack'd, malloc'd or (recently) free'd
==38967== 
==38967== 
==38967== 4 errors in context 2 of 27:
==38967== Use of uninitialised value of size 8
==38967==    at 0x4A0738D: ____strtof_l_internal (strtod_l.c:881)
==38967==    by 0x10A3AB: import_dweights (data_manip.c:163)
==38967==    by 0x10AA2F: S1depthwise (layers.c:68)
==38967==    by 0x10941F: inference (actions.c:34)
==38967==    by 0x10AD1F: main (main.c:25)
==38967== 
==38967== 
==38967== 4 errors in context 3 of 27:
==38967== Conditional jump or move depends on uninitialised value(s)
==38967==    at 0x4A0737E: ____strtof_l_internal (strtod_l.c:865)
==38967==    by 0x10A3AB: import_dweights (data_manip.c:163)
==38967==    by 0x10AA2F: S1depthwise (layers.c:68)
==38967==    by 0x10941F: inference (actions.c:34)
==38967==    by 0x10AD1F: main (main.c:25)
==38967== 
==38967== 
==38967== 16 errors in context 4 of 27:
==38967== Invalid write of size 4
==38967==    at 0x10A1B5: import_bn (data_manip.c:125)
==38967==    by 0x10A819: batch_normalization (layers.c:44)
==38967==    by 0x1099CF: S2block (blocks.c:46)
==38967==    by 0x10952B: inference (actions.c:70)
==38967==    by 0x10AD1F: main (main.c:25)
==38967==  Address 0x4fabce0 is 0 bytes after a block of size 896 alloc'd
==38967==    at 0x483DD99: calloc (in /usr/lib/x86_64-linux-gnu/valgrind/vgpreload_memcheck-amd64-linux.so)
==38967==    by 0x10A802: batch_normalization (layers.c:41)
==38967==    by 0x1099CF: S2block (blocks.c:46)
==38967==    by 0x10952B: inference (actions.c:70)
==38967==    by 0x10AD1F: main (main.c:25)
==38967== 
==38967== 
==38967== 64 errors in context 5 of 27:
==38967== Use of uninitialised value of size 8
==38967==    at 0x4A0738D: ____strtof_l_internal (strtod_l.c:881)
==38967==    by 0x10A187: import_bn (data_manip.c:124)
==38967==    by 0x10A819: batch_normalization (layers.c:44)
==38967==    by 0x1094CD: inference (actions.c:59)
==38967==    by 0x10AD1F: main (main.c:25)
==38967== 
==38967== 
==38967== 64 errors in context 6 of 27:
==38967== Conditional jump or move depends on uninitialised value(s)
==38967==    at 0x4A0737E: ____strtof_l_internal (strtod_l.c:865)
==38967==    by 0x10A187: import_bn (data_manip.c:124)
==38967==    by 0x10A819: batch_normalization (layers.c:44)
==38967==    by 0x1094CD: inference (actions.c:59)
==38967==    by 0x10AD1F: main (main.c:25)
==38967== 
==38967== 
==38967== 84 errors in context 7 of 27:
==38967== Use of uninitialised value of size 8
==38967==    at 0x4A0738D: ____strtof_l_internal (strtod_l.c:881)
==38967==    by 0x10A187: import_bn (data_manip.c:124)
==38967==    by 0x10A819: batch_normalization (layers.c:44)
==38967==    by 0x10944A: inference (actions.c:41)
==38967==    by 0x10AD1F: main (main.c:25)
==38967== 
==38967== 
==38967== 84 errors in context 8 of 27:
==38967== Conditional jump or move depends on uninitialised value(s)
==38967==    at 0x4A0737E: ____strtof_l_internal (strtod_l.c:865)
==38967==    by 0x10A187: import_bn (data_manip.c:124)
==38967==    by 0x10A819: batch_normalization (layers.c:44)
==38967==    by 0x10944A: inference (actions.c:41)
==38967==    by 0x10AD1F: main (main.c:25)
==38967== 
==38967== 
==38967== 128 errors in context 9 of 27:
==38967== Use of uninitialised value of size 8
==38967==    at 0x4A0738D: ____strtof_l_internal (strtod_l.c:881)
==38967==    by 0x10A187: import_bn (data_manip.c:124)
==38967==    by 0x10A819: batch_normalization (layers.c:44)
==38967==    by 0x1093B1: inference (actions.c:20)
==38967==    by 0x10AD1F: main (main.c:25)
==38967== 
==38967== 
==38967== 128 errors in context 10 of 27:
==38967== Conditional jump or move depends on uninitialised value(s)
==38967==    at 0x4A0737E: ____strtof_l_internal (strtod_l.c:865)
==38967==    by 0x10A187: import_bn (data_manip.c:124)
==38967==    by 0x10A819: batch_normalization (layers.c:44)
==38967==    by 0x1093B1: inference (actions.c:20)
==38967==    by 0x10AD1F: main (main.c:25)
==38967== 
==38967== 
==38967== 203 errors in context 11 of 27:
==38967== Use of uninitialised value of size 8
==38967==    at 0x4A0738D: ____strtof_l_internal (strtod_l.c:881)
==38967==    by 0x10A187: import_bn (data_manip.c:124)
==38967==    by 0x10A819: batch_normalization (layers.c:44)
==38967==    by 0x1099CF: S2block (blocks.c:46)
==38967==    by 0x10952B: inference (actions.c:70)
==38967==    by 0x10AD1F: main (main.c:25)
==38967== 
==38967== 
==38967== 203 errors in context 12 of 27:
==38967== Conditional jump or move depends on uninitialised value(s)
==38967==    at 0x4A0737E: ____strtof_l_internal (strtod_l.c:865)
==38967==    by 0x10A187: import_bn (data_manip.c:124)
==38967==    by 0x10A819: batch_normalization (layers.c:44)
==38967==    by 0x1099CF: S2block (blocks.c:46)
==38967==    by 0x10952B: inference (actions.c:70)
==38967==    by 0x10AD1F: main (main.c:25)
==38967== 
==38967== 
==38967== 384 errors in context 13 of 27:
==38967== Use of uninitialised value of size 8
==38967==    at 0x4A0738D: ____strtof_l_internal (strtod_l.c:881)
==38967==    by 0x10A187: import_bn (data_manip.c:124)
==38967==    by 0x10A819: batch_normalization (layers.c:44)
==38967==    by 0x1097A5: S2block (blocks.c:21)
==38967==    by 0x10952B: inference (actions.c:70)
==38967==    by 0x10AD1F: main (main.c:25)
==38967== 
==38967== 
==38967== 384 errors in context 14 of 27:
==38967== Conditional jump or move depends on uninitialised value(s)
==38967==    at 0x4A0737E: ____strtof_l_internal (strtod_l.c:865)
==38967==    by 0x10A187: import_bn (data_manip.c:124)
==38967==    by 0x10A819: batch_normalization (layers.c:44)
==38967==    by 0x1097A5: S2block (blocks.c:21)
==38967==    by 0x10952B: inference (actions.c:70)
==38967==    by 0x10AD1F: main (main.c:25)
==38967== 
==38967== 
==38967== 512 errors in context 15 of 27:
==38967== Use of uninitialised value of size 8
==38967==    at 0x4A0738D: ____strtof_l_internal (strtod_l.c:881)
==38967==    by 0x109F41: import_weights (data_manip.c:84)
==38967==    by 0x10A710: conv2d (layers.c:20)
==38967==    by 0x1094A2: inference (actions.c:51)
==38967==    by 0x10AD1F: main (main.c:25)
==38967== 
==38967== 
==38967== 512 errors in context 16 of 27:
==38967== Conditional jump or move depends on uninitialised value(s)
==38967==    at 0x4A0737E: ____strtof_l_internal (strtod_l.c:865)
==38967==    by 0x109F41: import_weights (data_manip.c:84)
==38967==    by 0x10A710: conv2d (layers.c:20)
==38967==    by 0x1094A2: inference (actions.c:51)
==38967==    by 0x10AD1F: main (main.c:25)
==38967== 
==38967== 
==38967== 864 errors in context 17 of 27:
==38967== Use of uninitialised value of size 8
==38967==    at 0x4A0738D: ____strtof_l_internal (strtod_l.c:881)
==38967==    by 0x10A3AB: import_dweights (data_manip.c:163)
==38967==    by 0x10AC5A: S2depthwise (layers.c:95)
==38967==    by 0x1099A0: S2block (blocks.c:39)
==38967==    by 0x10952B: inference (actions.c:70)
==38967==    by 0x10AD1F: main (main.c:25)
==38967== 
==38967== 
==38967== 864 errors in context 18 of 27:
==38967== Conditional jump or move depends on uninitialised value(s)
==38967==    at 0x4A0737E: ____strtof_l_internal (strtod_l.c:865)
==38967==    by 0x10A3AB: import_dweights (data_manip.c:163)
==38967==    by 0x10AC5A: S2depthwise (layers.c:95)
==38967==    by 0x1099A0: S2block (blocks.c:39)
==38967==    by 0x10952B: inference (actions.c:70)
==38967==    by 0x10AD1F: main (main.c:25)
==38967== 
==38967== 
==38967== 864 errors in context 19 of 27:
==38967== Use of uninitialised value of size 8
==38967==    at 0x4A0738D: ____strtof_l_internal (strtod_l.c:881)
==38967==    by 0x109F41: import_weights (data_manip.c:84)
==38967==    by 0x10A710: conv2d (layers.c:20)
==38967==    by 0x109386: inference (actions.c:12)
==38967==    by 0x10AD1F: main (main.c:25)
==38967== 
==38967== 
==38967== 864 errors in context 20 of 27:
==38967== Conditional jump or move depends on uninitialised value(s)
==38967==    at 0x4A0737E: ____strtof_l_internal (strtod_l.c:865)
==38967==    by 0x109F41: import_weights (data_manip.c:84)
==38967==    by 0x10A710: conv2d (layers.c:20)
==38967==    by 0x109386: inference (actions.c:12)
==38967==    by 0x10AD1F: main (main.c:25)
==38967== 
==38967== 
==38967== 1536 errors in context 21 of 27:
==38967== Use of uninitialised value of size 8
==38967==    at 0x4A0738D: ____strtof_l_internal (strtod_l.c:881)
==38967==    by 0x109F41: import_weights (data_manip.c:84)
==38967==    by 0x10A710: conv2d (layers.c:20)
==38967==    by 0x109777: S2block (blocks.c:13)
==38967==    by 0x10952B: inference (actions.c:70)
==38967==    by 0x10AD1F: main (main.c:25)
==38967== 
==38967== 
==38967== 1536 errors in context 22 of 27:
==38967== Conditional jump or move depends on uninitialised value(s)
==38967==    at 0x4A0737E: ____strtof_l_internal (strtod_l.c:865)
==38967==    by 0x109F41: import_weights (data_manip.c:84)
==38967==    by 0x10A710: conv2d (layers.c:20)
==38967==    by 0x109777: S2block (blocks.c:13)
==38967==    by 0x10952B: inference (actions.c:70)
==38967==    by 0x10AD1F: main (main.c:25)
==38967== 
==38967== 
==38967== 150528 errors in context 23 of 27:
==38967== Use of uninitialised value of size 8
==38967==    at 0x4A0738D: ____strtof_l_internal (strtod_l.c:881)
==38967==    by 0x109BD4: import_image (data_manip.c:43)
==38967==    by 0x10AD13: main (main.c:23)
==38967== 
==38967== 
==38967== 150528 errors in context 24 of 27:
==38967== Conditional jump or move depends on uninitialised value(s)
==38967==    at 0x4A0737E: ____strtof_l_internal (strtod_l.c:865)
==38967==    by 0x109BD4: import_image (data_manip.c:43)
==38967==    by 0x10AD13: main (main.c:23)
==38967== 
==38967== ERROR SUMMARY: 310362 errors from 27 contexts (suppressed: 0 from 0)
